 
****************************************
Report : resources
Design : ppu
Version: T-2022.03-SP3
Date   : Wed Dec  7 20:52:08 2022
****************************************

Resource Sharing Report for design ppu in file ../../src/ppu.sv

===============================================================================
|          |              |            | Contained     |                      |
| Resource | Module       | Parameters | Resources     | Contained Operations |
===============================================================================
| r91      | DW01_sub     | width=32   |               | sub_51               |
| r93      | DW01_sub     | width=32   |               | sub_52               |
| r95      | DW01_cmp2    | width=31   |               | gte_60               |
| r97      | DW01_cmp2    | width=5    |               | lt_155               |
| r99      | DW01_sub     | width=32   |               | sub_159              |
===============================================================================


Implementation Report
===============================================================================
|                    |                  | Current            | Set            |
| Cell               | Module           | Implementation     | Implementation |
===============================================================================
| sub_51             | DW01_sub         | rpl                |                |
| sub_52             | DW01_sub         | rpl                |                |
| sub_159            | DW01_sub         | rpl                |                |
===============================================================================

1
